// Jest Snapshot v1, https://goo.gl/fbAQLP

exports[`<App />  Check the App structure  1`] = `
<div
  className="App"
>
  <Navbar
    navbarTitle="Customer Details"
  />
  <Content />
</div>
`;
